// Jest Snapshot v1, https://goo.gl/fbAQLP

exports[`Snapshot 1`] = `
Object {
  "Outputs": Object {
    "EksDemoClusterConfigCommand38FF885E": Object {
      "Value": Object {
        "Fn::Join": Array [
          "",
          Array [
            "aws eks update-kubeconfig --name ",
            Object {
              "Ref": "EksDemoCluster2B53DE03",
            },
            " --region ",
            Object {
              "Ref": "AWS::Region",
            },
            " --role-arn ",
            Object {
              "Fn::GetAtt": Array [
                "EksDemoMasterRoleD99C13F4",
                "Arn",
              ],
            },
          ],
        ],
      },
    },
    "EksDemoClusterGetTokenCommand51C26D15": Object {
      "Value": Object {
        "Fn::Join": Array [
          "",
          Array [
            "aws eks get-token --cluster-name ",
            Object {
              "Ref": "EksDemoCluster2B53DE03",
            },
            " --region ",
            Object {
              "Ref": "AWS::Region",
            },
            " --role-arn ",
            Object {
              "Fn::GetAtt": Array [
                "EksDemoMasterRoleD99C13F4",
                "Arn",
              ],
            },
          ],
        ],
      },
    },
  },
  "Parameters": Object {
    "AssetParameters50e10880d134a01b440991fc77d217f39f01c2d56945215ee9a3b81187c6f3b1ArtifactHash32F5D823": Object {
      "Description": "Artifact hash for asset \\"50e10880d134a01b440991fc77d217f39f01c2d56945215ee9a3b81187c6f3b1\\"",
      "Type": "String",
    },
    "AssetParameters50e10880d134a01b440991fc77d217f39f01c2d56945215ee9a3b81187c6f3b1S3Bucket36C546E0": Object {
      "Description": "S3 bucket for asset \\"50e10880d134a01b440991fc77d217f39f01c2d56945215ee9a3b81187c6f3b1\\"",
      "Type": "String",
    },
    "AssetParameters50e10880d134a01b440991fc77d217f39f01c2d56945215ee9a3b81187c6f3b1S3VersionKey85C003F9": Object {
      "Description": "S3 key for asset version \\"50e10880d134a01b440991fc77d217f39f01c2d56945215ee9a3b81187c6f3b1\\"",
      "Type": "String",
    },
    "AssetParameters844c1a4b13479b359ea0e607dccb4a04b73e22cf88cf9b64feed2c5f0de213c0ArtifactHash1D7A2D6E": Object {
      "Description": "Artifact hash for asset \\"844c1a4b13479b359ea0e607dccb4a04b73e22cf88cf9b64feed2c5f0de213c0\\"",
      "Type": "String",
    },
    "AssetParameters844c1a4b13479b359ea0e607dccb4a04b73e22cf88cf9b64feed2c5f0de213c0S3Bucket6ABE1927": Object {
      "Description": "S3 bucket for asset \\"844c1a4b13479b359ea0e607dccb4a04b73e22cf88cf9b64feed2c5f0de213c0\\"",
      "Type": "String",
    },
    "AssetParameters844c1a4b13479b359ea0e607dccb4a04b73e22cf88cf9b64feed2c5f0de213c0S3VersionKeyF55A2EA9": Object {
      "Description": "S3 key for asset version \\"844c1a4b13479b359ea0e607dccb4a04b73e22cf88cf9b64feed2c5f0de213c0\\"",
      "Type": "String",
    },
    "AssetParameters9b291bb1965953fc83731a462985112f2c7d245c56ee16521c7180b1f9994d97ArtifactHash246F59FC": Object {
      "Description": "Artifact hash for asset \\"9b291bb1965953fc83731a462985112f2c7d245c56ee16521c7180b1f9994d97\\"",
      "Type": "String",
    },
    "AssetParameters9b291bb1965953fc83731a462985112f2c7d245c56ee16521c7180b1f9994d97S3Bucket19EEB5BF": Object {
      "Description": "S3 bucket for asset \\"9b291bb1965953fc83731a462985112f2c7d245c56ee16521c7180b1f9994d97\\"",
      "Type": "String",
    },
    "AssetParameters9b291bb1965953fc83731a462985112f2c7d245c56ee16521c7180b1f9994d97S3VersionKeyAC38C376": Object {
      "Description": "S3 key for asset version \\"9b291bb1965953fc83731a462985112f2c7d245c56ee16521c7180b1f9994d97\\"",
      "Type": "String",
    },
    "AssetParametersbafd50ae9f214e496ff8c72c6425f93dca3ccd590e20963706d5d610d9c75757ArtifactHashF584A7D8": Object {
      "Description": "Artifact hash for asset \\"bafd50ae9f214e496ff8c72c6425f93dca3ccd590e20963706d5d610d9c75757\\"",
      "Type": "String",
    },
    "AssetParametersbafd50ae9f214e496ff8c72c6425f93dca3ccd590e20963706d5d610d9c75757S3Bucket008DBB35": Object {
      "Description": "S3 bucket for asset \\"bafd50ae9f214e496ff8c72c6425f93dca3ccd590e20963706d5d610d9c75757\\"",
      "Type": "String",
    },
    "AssetParametersbafd50ae9f214e496ff8c72c6425f93dca3ccd590e20963706d5d610d9c75757S3VersionKey97C3E1A0": Object {
      "Description": "S3 key for asset version \\"bafd50ae9f214e496ff8c72c6425f93dca3ccd590e20963706d5d610d9c75757\\"",
      "Type": "String",
    },
    "AssetParametersc691172cdeefa2c91b5a2907f9d81118e47597634943344795f1a844192dd49cArtifactHash627DAAA7": Object {
      "Description": "Artifact hash for asset \\"c691172cdeefa2c91b5a2907f9d81118e47597634943344795f1a844192dd49c\\"",
      "Type": "String",
    },
    "AssetParametersc691172cdeefa2c91b5a2907f9d81118e47597634943344795f1a844192dd49cS3BucketEAC9DD43": Object {
      "Description": "S3 bucket for asset \\"c691172cdeefa2c91b5a2907f9d81118e47597634943344795f1a844192dd49c\\"",
      "Type": "String",
    },
    "AssetParametersc691172cdeefa2c91b5a2907f9d81118e47597634943344795f1a844192dd49cS3VersionKeyDD9AE9E7": Object {
      "Description": "S3 key for asset version \\"c691172cdeefa2c91b5a2907f9d81118e47597634943344795f1a844192dd49c\\"",
      "Type": "String",
    },
    "AssetParameterscd1c63ed9fcd73b696cc6ba1cc3dd28b5453cc0f4981801f5b92ed3c45059212ArtifactHash159401D4": Object {
      "Description": "Artifact hash for asset \\"cd1c63ed9fcd73b696cc6ba1cc3dd28b5453cc0f4981801f5b92ed3c45059212\\"",
      "Type": "String",
    },
    "AssetParameterscd1c63ed9fcd73b696cc6ba1cc3dd28b5453cc0f4981801f5b92ed3c45059212S3BucketF5BA6B94": Object {
      "Description": "S3 bucket for asset \\"cd1c63ed9fcd73b696cc6ba1cc3dd28b5453cc0f4981801f5b92ed3c45059212\\"",
      "Type": "String",
    },
    "AssetParameterscd1c63ed9fcd73b696cc6ba1cc3dd28b5453cc0f4981801f5b92ed3c45059212S3VersionKeyAA994B1C": Object {
      "Description": "S3 key for asset version \\"cd1c63ed9fcd73b696cc6ba1cc3dd28b5453cc0f4981801f5b92ed3c45059212\\"",
      "Type": "String",
    },
    "AssetParameterse9882ab123687399f934da0d45effe675ecc8ce13b40cb946f3e1d6141fe8d68ArtifactHashD9A515C3": Object {
      "Description": "Artifact hash for asset \\"e9882ab123687399f934da0d45effe675ecc8ce13b40cb946f3e1d6141fe8d68\\"",
      "Type": "String",
    },
    "AssetParameterse9882ab123687399f934da0d45effe675ecc8ce13b40cb946f3e1d6141fe8d68S3BucketAEADE8C7": Object {
      "Description": "S3 bucket for asset \\"e9882ab123687399f934da0d45effe675ecc8ce13b40cb946f3e1d6141fe8d68\\"",
      "Type": "String",
    },
    "AssetParameterse9882ab123687399f934da0d45effe675ecc8ce13b40cb946f3e1d6141fe8d68S3VersionKeyE415415F": Object {
      "Description": "S3 key for asset version \\"e9882ab123687399f934da0d45effe675ecc8ce13b40cb946f3e1d6141fe8d68\\"",
      "Type": "String",
    },
    "SsmParameterValueawsserviceeksoptimizedami118amazonlinux2recommendedimageidC96584B6F00A464EAD1953AFF4B05118Parameter": Object {
      "Default": "/aws/service/eks/optimized-ami/1.18/amazon-linux-2/recommended/image_id",
      "Type": "AWS::SSM::Parameter::Value<String>",
    },
  },
  "Resources": Object {
    "EksDemoCluster2B53DE03": Object {
      "DeletionPolicy": "Delete",
      "DependsOn": Array [
        "EksDemoClusterCreationRoleDefaultPolicy8B7E8164",
        "EksDemoClusterCreationRole71A559DF",
        "NewVpcIGWC1E3D2B4",
        "NewVpcPrivateSubnet1DefaultRoute0E7937F7",
        "NewVpcPrivateSubnet1RouteTable4A5B431B",
        "NewVpcPrivateSubnet1RouteTableAssociation56A010BD",
        "NewVpcPrivateSubnet1Subnet337805C5",
        "NewVpcPrivateSubnet2DefaultRoute0550CCC1",
        "NewVpcPrivateSubnet2RouteTable93913178",
        "NewVpcPrivateSubnet2RouteTableAssociationE32F097A",
        "NewVpcPrivateSubnet2Subnet775A619A",
        "NewVpcPublicSubnet1DefaultRoute2D184528",
        "NewVpcPublicSubnet1EIPF150BA40",
        "NewVpcPublicSubnet1NATGatewayDFB87A20",
        "NewVpcPublicSubnet1RouteTable64A6AF64",
        "NewVpcPublicSubnet1RouteTableAssociationD2EB295F",
        "NewVpcPublicSubnet1Subnet5FFBF229",
        "NewVpcPublicSubnet2DefaultRoute56738CFC",
        "NewVpcPublicSubnet2RouteTable1799F13A",
        "NewVpcPublicSubnet2RouteTableAssociation40AFB428",
        "NewVpcPublicSubnet2SubnetEAECAE2D",
        "NewVpcC4541DFD",
        "NewVpcVPCGWEA5A79C7",
      ],
      "Properties": Object {
        "AssumeRoleArn": Object {
          "Fn::GetAtt": Array [
            "EksDemoClusterCreationRole71A559DF",
            "Arn",
          ],
        },
        "AttributesRevision": 2,
        "Config": Object {
          "resourcesVpcConfig": Object {
            "endpointPrivateAccess": true,
            "endpointPublicAccess": true,
            "securityGroupIds": Array [
              Object {
                "Fn::GetAtt": Array [
                  "EksDemoClusterControlPlaneSecurityGroup01710B5D",
                  "GroupId",
                ],
              },
            ],
            "subnetIds": Array [
              Object {
                "Ref": "NewVpcPublicSubnet1Subnet5FFBF229",
              },
              Object {
                "Ref": "NewVpcPublicSubnet2SubnetEAECAE2D",
              },
              Object {
                "Ref": "NewVpcPrivateSubnet1Subnet337805C5",
              },
              Object {
                "Ref": "NewVpcPrivateSubnet2Subnet775A619A",
              },
            ],
          },
          "roleArn": Object {
            "Fn::GetAtt": Array [
              "EksDemoClusterRoleF7709159",
              "Arn",
            ],
          },
          "version": "1.18",
        },
        "ServiceToken": Object {
          "Fn::GetAtt": Array [
            "awscdkawseksClusterResourceProviderNestedStackawscdkawseksClusterResourceProviderNestedStackResource9827C454",
            "Outputs.mystackdevawscdkawseksClusterResourceProviderframeworkonEvent21F987DEArn",
          ],
        },
      },
      "Type": "Custom::AWSCDK-EKS-Cluster",
      "UpdateReplacePolicy": "Delete",
    },
    "EksDemoClusterAwsAuthmanifestE030991D": Object {
      "DeletionPolicy": "Delete",
      "DependsOn": Array [
        "EksDemoClusterKubectlReadyBarrierBE024A65",
      ],
      "Properties": Object {
        "ClusterName": Object {
          "Ref": "EksDemoCluster2B53DE03",
        },
        "Manifest": Object {
          "Fn::Join": Array [
            "",
            Array [
              "[{\\"apiVersion\\":\\"v1\\",\\"kind\\":\\"ConfigMap\\",\\"metadata\\":{\\"name\\":\\"aws-auth\\",\\"namespace\\":\\"kube-system\\",\\"labels\\":{\\"aws.cdk.eks/prune-c8748258693c953b4bbb86f5d149175012795bb3f2\\":\\"\\"}},\\"data\\":{\\"mapRoles\\":\\"[{\\\\\\"rolearn\\\\\\":\\\\\\"",
              Object {
                "Fn::GetAtt": Array [
                  "EksDemoMasterRoleD99C13F4",
                  "Arn",
                ],
              },
              "\\\\\\",\\\\\\"username\\\\\\":\\\\\\"",
              Object {
                "Fn::GetAtt": Array [
                  "EksDemoMasterRoleD99C13F4",
                  "Arn",
                ],
              },
              "\\\\\\",\\\\\\"groups\\\\\\":[\\\\\\"system:masters\\\\\\"]},{\\\\\\"rolearn\\\\\\":\\\\\\"",
              Object {
                "Fn::GetAtt": Array [
                  "EksDemoClusterNodegroupextrangNodeGroupRoleACC90702",
                  "Arn",
                ],
              },
              "\\\\\\",\\\\\\"username\\\\\\":\\\\\\"system:node:{{EC2PrivateDNSName}}\\\\\\",\\\\\\"groups\\\\\\":[\\\\\\"system:bootstrappers\\\\\\",\\\\\\"system:nodes\\\\\\"]}]\\",\\"mapUsers\\":\\"[]\\",\\"mapAccounts\\":\\"[]\\"}}]",
            ],
          ],
        },
        "Overwrite": true,
        "PruneLabel": "aws.cdk.eks/prune-c8748258693c953b4bbb86f5d149175012795bb3f2",
        "RoleArn": Object {
          "Fn::GetAtt": Array [
            "EksDemoClusterCreationRole71A559DF",
            "Arn",
          ],
        },
        "ServiceToken": Object {
          "Fn::GetAtt": Array [
            "awscdkawseksKubectlProviderNestedStackawscdkawseksKubectlProviderNestedStackResourceA7AEBA6B",
            "Outputs.mystackdevawscdkawseksKubectlProviderframeworkonEvent19BDD736Arn",
          ],
        },
      },
      "Type": "Custom::AWSCDK-EKS-KubernetesResource",
      "UpdateReplacePolicy": "Delete",
    },
    "EksDemoClusterControlPlaneSecurityGroup01710B5D": Object {
      "Properties": Object {
        "GroupDescription": "EKS Control Plane Security Group",
        "SecurityGroupEgress": Array [
          Object {
            "CidrIp": "0.0.0.0/0",
            "Description": "Allow all outbound traffic by default",
            "IpProtocol": "-1",
          },
        ],
        "VpcId": Object {
          "Ref": "NewVpcC4541DFD",
        },
      },
      "Type": "AWS::EC2::SecurityGroup",
    },
    "EksDemoClusterCreationRole71A559DF": Object {
      "DependsOn": Array [
        "NewVpcIGWC1E3D2B4",
        "NewVpcPrivateSubnet1DefaultRoute0E7937F7",
        "NewVpcPrivateSubnet1RouteTable4A5B431B",
        "NewVpcPrivateSubnet1RouteTableAssociation56A010BD",
        "NewVpcPrivateSubnet1Subnet337805C5",
        "NewVpcPrivateSubnet2DefaultRoute0550CCC1",
        "NewVpcPrivateSubnet2RouteTable93913178",
        "NewVpcPrivateSubnet2RouteTableAssociationE32F097A",
        "NewVpcPrivateSubnet2Subnet775A619A",
        "NewVpcPublicSubnet1DefaultRoute2D184528",
        "NewVpcPublicSubnet1EIPF150BA40",
        "NewVpcPublicSubnet1NATGatewayDFB87A20",
        "NewVpcPublicSubnet1RouteTable64A6AF64",
        "NewVpcPublicSubnet1RouteTableAssociationD2EB295F",
        "NewVpcPublicSubnet1Subnet5FFBF229",
        "NewVpcPublicSubnet2DefaultRoute56738CFC",
        "NewVpcPublicSubnet2RouteTable1799F13A",
        "NewVpcPublicSubnet2RouteTableAssociation40AFB428",
        "NewVpcPublicSubnet2SubnetEAECAE2D",
        "NewVpcC4541DFD",
        "NewVpcVPCGWEA5A79C7",
      ],
      "Properties": Object {
        "AssumeRolePolicyDocument": Object {
          "Statement": Array [
            Object {
              "Action": "sts:AssumeRole",
              "Effect": "Allow",
              "Principal": Object {
                "AWS": Object {
                  "Fn::Join": Array [
                    "",
                    Array [
                      "arn:",
                      Object {
                        "Ref": "AWS::Partition",
                      },
                      ":iam::",
                      Object {
                        "Ref": "AWS::AccountId",
                      },
                      ":root",
                    ],
                  ],
                },
              },
            },
          ],
          "Version": "2012-10-17",
        },
      },
      "Type": "AWS::IAM::Role",
    },
    "EksDemoClusterCreationRoleDefaultPolicy8B7E8164": Object {
      "DependsOn": Array [
        "NewVpcIGWC1E3D2B4",
        "NewVpcPrivateSubnet1DefaultRoute0E7937F7",
        "NewVpcPrivateSubnet1RouteTable4A5B431B",
        "NewVpcPrivateSubnet1RouteTableAssociation56A010BD",
        "NewVpcPrivateSubnet1Subnet337805C5",
        "NewVpcPrivateSubnet2DefaultRoute0550CCC1",
        "NewVpcPrivateSubnet2RouteTable93913178",
        "NewVpcPrivateSubnet2RouteTableAssociationE32F097A",
        "NewVpcPrivateSubnet2Subnet775A619A",
        "NewVpcPublicSubnet1DefaultRoute2D184528",
        "NewVpcPublicSubnet1EIPF150BA40",
        "NewVpcPublicSubnet1NATGatewayDFB87A20",
        "NewVpcPublicSubnet1RouteTable64A6AF64",
        "NewVpcPublicSubnet1RouteTableAssociationD2EB295F",
        "NewVpcPublicSubnet1Subnet5FFBF229",
        "NewVpcPublicSubnet2DefaultRoute56738CFC",
        "NewVpcPublicSubnet2RouteTable1799F13A",
        "NewVpcPublicSubnet2RouteTableAssociation40AFB428",
        "NewVpcPublicSubnet2SubnetEAECAE2D",
        "NewVpcC4541DFD",
        "NewVpcVPCGWEA5A79C7",
      ],
      "Properties": Object {
        "PolicyDocument": Object {
          "Statement": Array [
            Object {
              "Action": "iam:PassRole",
              "Effect": "Allow",
              "Resource": Object {
                "Fn::GetAtt": Array [
                  "EksDemoClusterRoleF7709159",
                  "Arn",
                ],
              },
            },
            Object {
              "Action": Array [
                "ec2:DescribeSubnets",
                "ec2:DescribeRouteTables",
              ],
              "Effect": "Allow",
              "Resource": "*",
            },
            Object {
              "Action": Array [
                "eks:CreateCluster",
                "eks:DescribeCluster",
                "eks:DescribeUpdate",
                "eks:DeleteCluster",
                "eks:UpdateClusterVersion",
                "eks:UpdateClusterConfig",
                "eks:CreateFargateProfile",
                "eks:TagResource",
                "eks:UntagResource",
              ],
              "Effect": "Allow",
              "Resource": Array [
                "*",
              ],
            },
            Object {
              "Action": Array [
                "eks:DescribeFargateProfile",
                "eks:DeleteFargateProfile",
              ],
              "Effect": "Allow",
              "Resource": "*",
            },
            Object {
              "Action": Array [
                "iam:GetRole",
                "iam:listAttachedRolePolicies",
              ],
              "Effect": "Allow",
              "Resource": "*",
            },
            Object {
              "Action": "iam:CreateServiceLinkedRole",
              "Effect": "Allow",
              "Resource": "*",
            },
            Object {
              "Action": "ec2:DescribeVpcs",
              "Effect": "Allow",
              "Resource": Object {
                "Fn::Join": Array [
                  "",
                  Array [
                    "arn:",
                    Object {
                      "Ref": "AWS::Partition",
                    },
                    ":ec2:",
                    Object {
                      "Ref": "AWS::Region",
                    },
                    ":",
                    Object {
                      "Ref": "AWS::AccountId",
                    },
                    ":vpc/",
                    Object {
                      "Ref": "NewVpcC4541DFD",
                    },
                  ],
                ],
              },
            },
          ],
          "Version": "2012-10-17",
        },
        "PolicyName": "EksDemoClusterCreationRoleDefaultPolicy8B7E8164",
        "Roles": Array [
          Object {
            "Ref": "EksDemoClusterCreationRole71A559DF",
          },
        ],
      },
      "Type": "AWS::IAM::Policy",
    },
    "EksDemoClusterKubectlReadyBarrierBE024A65": Object {
      "DependsOn": Array [
        "EksDemoClusterCreationRoleDefaultPolicy8B7E8164",
        "EksDemoClusterCreationRole71A559DF",
        "EksDemoCluster2B53DE03",
      ],
      "Properties": Object {
        "Type": "String",
        "Value": "aws:cdk:eks:kubectl-ready",
      },
      "Type": "AWS::SSM::Parameter",
    },
    "EksDemoClusterNodegroupextrang97C9039F": Object {
      "Properties": Object {
        "ClusterName": Object {
          "Ref": "EksDemoCluster2B53DE03",
        },
        "ForceUpdateEnabled": true,
        "LaunchTemplate": Object {
          "Id": Object {
            "Ref": "EksDemoLaunchTemplate409D6AA6",
          },
          "Version": Object {
            "Fn::GetAtt": Array [
              "EksDemoLaunchTemplate409D6AA6",
              "DefaultVersionNumber",
            ],
          },
        },
        "NodeRole": Object {
          "Fn::GetAtt": Array [
            "EksDemoClusterNodegroupextrangNodeGroupRoleACC90702",
            "Arn",
          ],
        },
        "ScalingConfig": Object {
          "DesiredSize": 2,
          "MaxSize": 2,
          "MinSize": 1,
        },
        "Subnets": Array [
          Object {
            "Ref": "NewVpcPrivateSubnet1Subnet337805C5",
          },
          Object {
            "Ref": "NewVpcPrivateSubnet2Subnet775A619A",
          },
        ],
      },
      "Type": "AWS::EKS::Nodegroup",
    },
    "EksDemoClusterNodegroupextrangNodeGroupRoleACC90702": Object {
      "Properties": Object {
        "AssumeRolePolicyDocument": Object {
          "Statement": Array [
            Object {
              "Action": "sts:AssumeRole",
              "Effect": "Allow",
              "Principal": Object {
                "Service": Object {
                  "Fn::Join": Array [
                    "",
                    Array [
                      "ec2.",
                      Object {
                        "Ref": "AWS::URLSuffix",
                      },
                    ],
                  ],
                },
              },
            },
          ],
          "Version": "2012-10-17",
        },
        "ManagedPolicyArns": Array [
          Object {
            "Fn::Join": Array [
              "",
              Array [
                "arn:",
                Object {
                  "Ref": "AWS::Partition",
                },
                ":iam::aws:policy/AmazonEKSWorkerNodePolicy",
              ],
            ],
          },
          Object {
            "Fn::Join": Array [
              "",
              Array [
                "arn:",
                Object {
                  "Ref": "AWS::Partition",
                },
                ":iam::aws:policy/AmazonEKS_CNI_Policy",
              ],
            ],
          },
          Object {
            "Fn::Join": Array [
              "",
              Array [
                "arn:",
                Object {
                  "Ref": "AWS::Partition",
                },
                ":iam::aws:policy/AmazonEC2ContainerRegistryReadOnly",
              ],
            ],
          },
        ],
      },
      "Type": "AWS::IAM::Role",
    },
    "EksDemoClusterRoleF7709159": Object {
      "Properties": Object {
        "AssumeRolePolicyDocument": Object {
          "Statement": Array [
            Object {
              "Action": "sts:AssumeRole",
              "Effect": "Allow",
              "Principal": Object {
                "Service": "eks.amazonaws.com",
              },
            },
          ],
          "Version": "2012-10-17",
        },
        "ManagedPolicyArns": Array [
          Object {
            "Fn::Join": Array [
              "",
              Array [
                "arn:",
                Object {
                  "Ref": "AWS::Partition",
                },
                ":iam::aws:policy/AmazonEKSClusterPolicy",
              ],
            ],
          },
        ],
      },
      "Type": "AWS::IAM::Role",
    },
    "EksDemoLaunchTemplate409D6AA6": Object {
      "Properties": Object {
        "LaunchTemplateData": Object {
          "ImageId": Object {
            "Ref": "SsmParameterValueawsserviceeksoptimizedami118amazonlinux2recommendedimageidC96584B6F00A464EAD1953AFF4B05118Parameter",
          },
          "InstanceType": "t3.small",
          "TagSpecifications": Array [
            Object {
              "ResourceType": "instance",
              "Tags": Array [
                Object {
                  "Key": "Name",
                  "Value": "MNG",
                },
                Object {
                  "Key": "Foo",
                  "Value": "BAR",
                },
              ],
            },
          ],
          "UserData": Object {
            "Fn::Base64": Object {
              "Fn::Join": Array [
                "",
                Array [
                  "#!/bin/bash
set -o xtrace
/etc/eks/bootstrap.sh ",
                  Object {
                    "Ref": "EksDemoCluster2B53DE03",
                  },
                ],
              ],
            },
          },
        },
      },
      "Type": "AWS::EC2::LaunchTemplate",
    },
    "EksDemoMasterRoleD99C13F4": Object {
      "Properties": Object {
        "AssumeRolePolicyDocument": Object {
          "Statement": Array [
            Object {
              "Action": "sts:AssumeRole",
              "Effect": "Allow",
              "Principal": Object {
                "AWS": Object {
                  "Fn::Join": Array [
                    "",
                    Array [
                      "arn:",
                      Object {
                        "Ref": "AWS::Partition",
                      },
                      ":iam::",
                      Object {
                        "Ref": "AWS::AccountId",
                      },
                      ":root",
                    ],
                  ],
                },
              },
            },
          ],
          "Version": "2012-10-17",
        },
        "RoleName": "EksAdminRole",
      },
      "Type": "AWS::IAM::Role",
    },
    "NewVpcC4541DFD": Object {
      "Properties": Object {
        "CidrBlock": "10.1.0.0/16",
        "EnableDnsHostnames": true,
        "EnableDnsSupport": true,
        "InstanceTenancy": "default",
        "Tags": Array [
          Object {
            "Key": "Name",
            "Value": "my-stack-dev/NewVpc",
          },
        ],
      },
      "Type": "AWS::EC2::VPC",
    },
    "NewVpcIGWC1E3D2B4": Object {
      "Properties": Object {
        "Tags": Array [
          Object {
            "Key": "Name",
            "Value": "my-stack-dev/NewVpc",
          },
        ],
      },
      "Type": "AWS::EC2::InternetGateway",
    },
    "NewVpcPrivateSubnet1DefaultRoute0E7937F7": Object {
      "Properties": Object {
        "DestinationCidrBlock": "0.0.0.0/0",
        "NatGatewayId": Object {
          "Ref": "NewVpcPublicSubnet1NATGatewayDFB87A20",
        },
        "RouteTableId": Object {
          "Ref": "NewVpcPrivateSubnet1RouteTable4A5B431B",
        },
      },
      "Type": "AWS::EC2::Route",
    },
    "NewVpcPrivateSubnet1RouteTable4A5B431B": Object {
      "Properties": Object {
        "Tags": Array [
          Object {
            "Key": "kubernetes.io/role/internal-elb",
            "Value": "1",
          },
          Object {
            "Key": "Name",
            "Value": "my-stack-dev/NewVpc/PrivateSubnet1",
          },
        ],
        "VpcId": Object {
          "Ref": "NewVpcC4541DFD",
        },
      },
      "Type": "AWS::EC2::RouteTable",
    },
    "NewVpcPrivateSubnet1RouteTableAssociation56A010BD": Object {
      "Properties": Object {
        "RouteTableId": Object {
          "Ref": "NewVpcPrivateSubnet1RouteTable4A5B431B",
        },
        "SubnetId": Object {
          "Ref": "NewVpcPrivateSubnet1Subnet337805C5",
        },
      },
      "Type": "AWS::EC2::SubnetRouteTableAssociation",
    },
    "NewVpcPrivateSubnet1Subnet337805C5": Object {
      "Properties": Object {
        "AvailabilityZone": Object {
          "Fn::Select": Array [
            0,
            Object {
              "Fn::GetAZs": "",
            },
          ],
        },
        "CidrBlock": "10.1.128.0/18",
        "MapPublicIpOnLaunch": false,
        "Tags": Array [
          Object {
            "Key": "aws-cdk:subnet-name",
            "Value": "Private",
          },
          Object {
            "Key": "aws-cdk:subnet-type",
            "Value": "Private",
          },
          Object {
            "Key": "kubernetes.io/role/internal-elb",
            "Value": "1",
          },
          Object {
            "Key": "Name",
            "Value": "my-stack-dev/NewVpc/PrivateSubnet1",
          },
        ],
        "VpcId": Object {
          "Ref": "NewVpcC4541DFD",
        },
      },
      "Type": "AWS::EC2::Subnet",
    },
    "NewVpcPrivateSubnet2DefaultRoute0550CCC1": Object {
      "Properties": Object {
        "DestinationCidrBlock": "0.0.0.0/0",
        "NatGatewayId": Object {
          "Ref": "NewVpcPublicSubnet1NATGatewayDFB87A20",
        },
        "RouteTableId": Object {
          "Ref": "NewVpcPrivateSubnet2RouteTable93913178",
        },
      },
      "Type": "AWS::EC2::Route",
    },
    "NewVpcPrivateSubnet2RouteTable93913178": Object {
      "Properties": Object {
        "Tags": Array [
          Object {
            "Key": "kubernetes.io/role/internal-elb",
            "Value": "1",
          },
          Object {
            "Key": "Name",
            "Value": "my-stack-dev/NewVpc/PrivateSubnet2",
          },
        ],
        "VpcId": Object {
          "Ref": "NewVpcC4541DFD",
        },
      },
      "Type": "AWS::EC2::RouteTable",
    },
    "NewVpcPrivateSubnet2RouteTableAssociationE32F097A": Object {
      "Properties": Object {
        "RouteTableId": Object {
          "Ref": "NewVpcPrivateSubnet2RouteTable93913178",
        },
        "SubnetId": Object {
          "Ref": "NewVpcPrivateSubnet2Subnet775A619A",
        },
      },
      "Type": "AWS::EC2::SubnetRouteTableAssociation",
    },
    "NewVpcPrivateSubnet2Subnet775A619A": Object {
      "Properties": Object {
        "AvailabilityZone": Object {
          "Fn::Select": Array [
            1,
            Object {
              "Fn::GetAZs": "",
            },
          ],
        },
        "CidrBlock": "10.1.192.0/18",
        "MapPublicIpOnLaunch": false,
        "Tags": Array [
          Object {
            "Key": "aws-cdk:subnet-name",
            "Value": "Private",
          },
          Object {
            "Key": "aws-cdk:subnet-type",
            "Value": "Private",
          },
          Object {
            "Key": "kubernetes.io/role/internal-elb",
            "Value": "1",
          },
          Object {
            "Key": "Name",
            "Value": "my-stack-dev/NewVpc/PrivateSubnet2",
          },
        ],
        "VpcId": Object {
          "Ref": "NewVpcC4541DFD",
        },
      },
      "Type": "AWS::EC2::Subnet",
    },
    "NewVpcPublicSubnet1DefaultRoute2D184528": Object {
      "DependsOn": Array [
        "NewVpcVPCGWEA5A79C7",
      ],
      "Properties": Object {
        "DestinationCidrBlock": "0.0.0.0/0",
        "GatewayId": Object {
          "Ref": "NewVpcIGWC1E3D2B4",
        },
        "RouteTableId": Object {
          "Ref": "NewVpcPublicSubnet1RouteTable64A6AF64",
        },
      },
      "Type": "AWS::EC2::Route",
    },
    "NewVpcPublicSubnet1EIPF150BA40": Object {
      "Properties": Object {
        "Domain": "vpc",
        "Tags": Array [
          Object {
            "Key": "kubernetes.io/role/elb",
            "Value": "1",
          },
          Object {
            "Key": "Name",
            "Value": "my-stack-dev/NewVpc/PublicSubnet1",
          },
        ],
      },
      "Type": "AWS::EC2::EIP",
    },
    "NewVpcPublicSubnet1NATGatewayDFB87A20": Object {
      "Properties": Object {
        "AllocationId": Object {
          "Fn::GetAtt": Array [
            "NewVpcPublicSubnet1EIPF150BA40",
            "AllocationId",
          ],
        },
        "SubnetId": Object {
          "Ref": "NewVpcPublicSubnet1Subnet5FFBF229",
        },
        "Tags": Array [
          Object {
            "Key": "kubernetes.io/role/elb",
            "Value": "1",
          },
          Object {
            "Key": "Name",
            "Value": "my-stack-dev/NewVpc/PublicSubnet1",
          },
        ],
      },
      "Type": "AWS::EC2::NatGateway",
    },
    "NewVpcPublicSubnet1RouteTable64A6AF64": Object {
      "Properties": Object {
        "Tags": Array [
          Object {
            "Key": "kubernetes.io/role/elb",
            "Value": "1",
          },
          Object {
            "Key": "Name",
            "Value": "my-stack-dev/NewVpc/PublicSubnet1",
          },
        ],
        "VpcId": Object {
          "Ref": "NewVpcC4541DFD",
        },
      },
      "Type": "AWS::EC2::RouteTable",
    },
    "NewVpcPublicSubnet1RouteTableAssociationD2EB295F": Object {
      "Properties": Object {
        "RouteTableId": Object {
          "Ref": "NewVpcPublicSubnet1RouteTable64A6AF64",
        },
        "SubnetId": Object {
          "Ref": "NewVpcPublicSubnet1Subnet5FFBF229",
        },
      },
      "Type": "AWS::EC2::SubnetRouteTableAssociation",
    },
    "NewVpcPublicSubnet1Subnet5FFBF229": Object {
      "Properties": Object {
        "AvailabilityZone": Object {
          "Fn::Select": Array [
            0,
            Object {
              "Fn::GetAZs": "",
            },
          ],
        },
        "CidrBlock": "10.1.0.0/18",
        "MapPublicIpOnLaunch": true,
        "Tags": Array [
          Object {
            "Key": "aws-cdk:subnet-name",
            "Value": "Public",
          },
          Object {
            "Key": "aws-cdk:subnet-type",
            "Value": "Public",
          },
          Object {
            "Key": "kubernetes.io/role/elb",
            "Value": "1",
          },
          Object {
            "Key": "Name",
            "Value": "my-stack-dev/NewVpc/PublicSubnet1",
          },
        ],
        "VpcId": Object {
          "Ref": "NewVpcC4541DFD",
        },
      },
      "Type": "AWS::EC2::Subnet",
    },
    "NewVpcPublicSubnet2DefaultRoute56738CFC": Object {
      "DependsOn": Array [
        "NewVpcVPCGWEA5A79C7",
      ],
      "Properties": Object {
        "DestinationCidrBlock": "0.0.0.0/0",
        "GatewayId": Object {
          "Ref": "NewVpcIGWC1E3D2B4",
        },
        "RouteTableId": Object {
          "Ref": "NewVpcPublicSubnet2RouteTable1799F13A",
        },
      },
      "Type": "AWS::EC2::Route",
    },
    "NewVpcPublicSubnet2RouteTable1799F13A": Object {
      "Properties": Object {
        "Tags": Array [
          Object {
            "Key": "kubernetes.io/role/elb",
            "Value": "1",
          },
          Object {
            "Key": "Name",
            "Value": "my-stack-dev/NewVpc/PublicSubnet2",
          },
        ],
        "VpcId": Object {
          "Ref": "NewVpcC4541DFD",
        },
      },
      "Type": "AWS::EC2::RouteTable",
    },
    "NewVpcPublicSubnet2RouteTableAssociation40AFB428": Object {
      "Properties": Object {
        "RouteTableId": Object {
          "Ref": "NewVpcPublicSubnet2RouteTable1799F13A",
        },
        "SubnetId": Object {
          "Ref": "NewVpcPublicSubnet2SubnetEAECAE2D",
        },
      },
      "Type": "AWS::EC2::SubnetRouteTableAssociation",
    },
    "NewVpcPublicSubnet2SubnetEAECAE2D": Object {
      "Properties": Object {
        "AvailabilityZone": Object {
          "Fn::Select": Array [
            1,
            Object {
              "Fn::GetAZs": "",
            },
          ],
        },
        "CidrBlock": "10.1.64.0/18",
        "MapPublicIpOnLaunch": true,
        "Tags": Array [
          Object {
            "Key": "aws-cdk:subnet-name",
            "Value": "Public",
          },
          Object {
            "Key": "aws-cdk:subnet-type",
            "Value": "Public",
          },
          Object {
            "Key": "kubernetes.io/role/elb",
            "Value": "1",
          },
          Object {
            "Key": "Name",
            "Value": "my-stack-dev/NewVpc/PublicSubnet2",
          },
        ],
        "VpcId": Object {
          "Ref": "NewVpcC4541DFD",
        },
      },
      "Type": "AWS::EC2::Subnet",
    },
    "NewVpcVPCGWEA5A79C7": Object {
      "Properties": Object {
        "InternetGatewayId": Object {
          "Ref": "NewVpcIGWC1E3D2B4",
        },
        "VpcId": Object {
          "Ref": "NewVpcC4541DFD",
        },
      },
      "Type": "AWS::EC2::VPCGatewayAttachment",
    },
    "PeeringExisting2NewRoute7CB6B2EE": Object {
      "Properties": Object {
        "DestinationCidrBlock": Object {
          "Fn::GetAtt": Array [
            "NewVpcC4541DFD",
            "CidrBlock",
          ],
        },
        "RouteTableId": Object {
          "Ref": "VpcPrivateSubnet1RouteTableB2C5B500",
        },
        "VpcPeeringConnectionId": Object {
          "Ref": "PeeringVpcPeeringConnection38C145D7",
        },
      },
      "Type": "AWS::EC2::Route",
    },
    "PeeringNew2ExistingRouteF05C9C2D": Object {
      "Properties": Object {
        "DestinationCidrBlock": Object {
          "Fn::GetAtt": Array [
            "Vpc8378EB38",
            "CidrBlock",
          ],
        },
        "RouteTableId": Object {
          "Ref": "NewVpcPrivateSubnet1RouteTable4A5B431B",
        },
        "VpcPeeringConnectionId": Object {
          "Ref": "PeeringVpcPeeringConnection38C145D7",
        },
      },
      "Type": "AWS::EC2::Route",
    },
    "PeeringVpcPeeringConnection38C145D7": Object {
      "Properties": Object {
        "PeerVpcId": Object {
          "Ref": "NewVpcC4541DFD",
        },
        "VpcId": Object {
          "Ref": "Vpc8378EB38",
        },
      },
      "Type": "AWS::EC2::VPCPeeringConnection",
    },
    "Vpc8378EB38": Object {
      "Properties": Object {
        "CidrBlock": "10.0.0.0/16",
        "EnableDnsHostnames": true,
        "EnableDnsSupport": true,
        "InstanceTenancy": "default",
        "Tags": Array [
          Object {
            "Key": "Name",
            "Value": "my-stack-dev/Vpc",
          },
        ],
      },
      "Type": "AWS::EC2::VPC",
    },
    "VpcIGWD7BA715C": Object {
      "Properties": Object {
        "Tags": Array [
          Object {
            "Key": "Name",
            "Value": "my-stack-dev/Vpc",
          },
        ],
      },
      "Type": "AWS::EC2::InternetGateway",
    },
    "VpcPrivateSubnet1DefaultRouteBE02A9ED": Object {
      "Properties": Object {
        "DestinationCidrBlock": "0.0.0.0/0",
        "NatGatewayId": Object {
          "Ref": "VpcPublicSubnet1NATGateway4D7517AA",
        },
        "RouteTableId": Object {
          "Ref": "VpcPrivateSubnet1RouteTableB2C5B500",
        },
      },
      "Type": "AWS::EC2::Route",
    },
    "VpcPrivateSubnet1RouteTableAssociation70C59FA6": Object {
      "Properties": Object {
        "RouteTableId": Object {
          "Ref": "VpcPrivateSubnet1RouteTableB2C5B500",
        },
        "SubnetId": Object {
          "Ref": "VpcPrivateSubnet1Subnet536B997A",
        },
      },
      "Type": "AWS::EC2::SubnetRouteTableAssociation",
    },
    "VpcPrivateSubnet1RouteTableB2C5B500": Object {
      "Properties": Object {
        "Tags": Array [
          Object {
            "Key": "Name",
            "Value": "my-stack-dev/Vpc/PrivateSubnet1",
          },
        ],
        "VpcId": Object {
          "Ref": "Vpc8378EB38",
        },
      },
      "Type": "AWS::EC2::RouteTable",
    },
    "VpcPrivateSubnet1Subnet536B997A": Object {
      "Properties": Object {
        "AvailabilityZone": Object {
          "Fn::Select": Array [
            0,
            Object {
              "Fn::GetAZs": "",
            },
          ],
        },
        "CidrBlock": "10.0.128.0/18",
        "MapPublicIpOnLaunch": false,
        "Tags": Array [
          Object {
            "Key": "aws-cdk:subnet-name",
            "Value": "Private",
          },
          Object {
            "Key": "aws-cdk:subnet-type",
            "Value": "Private",
          },
          Object {
            "Key": "Name",
            "Value": "my-stack-dev/Vpc/PrivateSubnet1",
          },
        ],
        "VpcId": Object {
          "Ref": "Vpc8378EB38",
        },
      },
      "Type": "AWS::EC2::Subnet",
    },
    "VpcPrivateSubnet2DefaultRoute060D2087": Object {
      "Properties": Object {
        "DestinationCidrBlock": "0.0.0.0/0",
        "NatGatewayId": Object {
          "Ref": "VpcPublicSubnet1NATGateway4D7517AA",
        },
        "RouteTableId": Object {
          "Ref": "VpcPrivateSubnet2RouteTableA678073B",
        },
      },
      "Type": "AWS::EC2::Route",
    },
    "VpcPrivateSubnet2RouteTableA678073B": Object {
      "Properties": Object {
        "Tags": Array [
          Object {
            "Key": "Name",
            "Value": "my-stack-dev/Vpc/PrivateSubnet2",
          },
        ],
        "VpcId": Object {
          "Ref": "Vpc8378EB38",
        },
      },
      "Type": "AWS::EC2::RouteTable",
    },
    "VpcPrivateSubnet2RouteTableAssociationA89CAD56": Object {
      "Properties": Object {
        "RouteTableId": Object {
          "Ref": "VpcPrivateSubnet2RouteTableA678073B",
        },
        "SubnetId": Object {
          "Ref": "VpcPrivateSubnet2Subnet3788AAA1",
        },
      },
      "Type": "AWS::EC2::SubnetRouteTableAssociation",
    },
    "VpcPrivateSubnet2Subnet3788AAA1": Object {
      "Properties": Object {
        "AvailabilityZone": Object {
          "Fn::Select": Array [
            1,
            Object {
              "Fn::GetAZs": "",
            },
          ],
        },
        "CidrBlock": "10.0.192.0/18",
        "MapPublicIpOnLaunch": false,
        "Tags": Array [
          Object {
            "Key": "aws-cdk:subnet-name",
            "Value": "Private",
          },
          Object {
            "Key": "aws-cdk:subnet-type",
            "Value": "Private",
          },
          Object {
            "Key": "Name",
            "Value": "my-stack-dev/Vpc/PrivateSubnet2",
          },
        ],
        "VpcId": Object {
          "Ref": "Vpc8378EB38",
        },
      },
      "Type": "AWS::EC2::Subnet",
    },
    "VpcPublicSubnet1DefaultRoute3DA9E72A": Object {
      "DependsOn": Array [
        "VpcVPCGWBF912B6E",
      ],
      "Properties": Object {
        "DestinationCidrBlock": "0.0.0.0/0",
        "GatewayId": Object {
          "Ref": "VpcIGWD7BA715C",
        },
        "RouteTableId": Object {
          "Ref": "VpcPublicSubnet1RouteTable6C95E38E",
        },
      },
      "Type": "AWS::EC2::Route",
    },
    "VpcPublicSubnet1EIPD7E02669": Object {
      "Properties": Object {
        "Domain": "vpc",
        "Tags": Array [
          Object {
            "Key": "Name",
            "Value": "my-stack-dev/Vpc/PublicSubnet1",
          },
        ],
      },
      "Type": "AWS::EC2::EIP",
    },
    "VpcPublicSubnet1NATGateway4D7517AA": Object {
      "Properties": Object {
        "AllocationId": Object {
          "Fn::GetAtt": Array [
            "VpcPublicSubnet1EIPD7E02669",
            "AllocationId",
          ],
        },
        "SubnetId": Object {
          "Ref": "VpcPublicSubnet1Subnet5C2D37C4",
        },
        "Tags": Array [
          Object {
            "Key": "Name",
            "Value": "my-stack-dev/Vpc/PublicSubnet1",
          },
        ],
      },
      "Type": "AWS::EC2::NatGateway",
    },
    "VpcPublicSubnet1RouteTable6C95E38E": Object {
      "Properties": Object {
        "Tags": Array [
          Object {
            "Key": "Name",
            "Value": "my-stack-dev/Vpc/PublicSubnet1",
          },
        ],
        "VpcId": Object {
          "Ref": "Vpc8378EB38",
        },
      },
      "Type": "AWS::EC2::RouteTable",
    },
    "VpcPublicSubnet1RouteTableAssociation97140677": Object {
      "Properties": Object {
        "RouteTableId": Object {
          "Ref": "VpcPublicSubnet1RouteTable6C95E38E",
        },
        "SubnetId": Object {
          "Ref": "VpcPublicSubnet1Subnet5C2D37C4",
        },
      },
      "Type": "AWS::EC2::SubnetRouteTableAssociation",
    },
    "VpcPublicSubnet1Subnet5C2D37C4": Object {
      "Properties": Object {
        "AvailabilityZone": Object {
          "Fn::Select": Array [
            0,
            Object {
              "Fn::GetAZs": "",
            },
          ],
        },
        "CidrBlock": "10.0.0.0/18",
        "MapPublicIpOnLaunch": true,
        "Tags": Array [
          Object {
            "Key": "aws-cdk:subnet-name",
            "Value": "Public",
          },
          Object {
            "Key": "aws-cdk:subnet-type",
            "Value": "Public",
          },
          Object {
            "Key": "Name",
            "Value": "my-stack-dev/Vpc/PublicSubnet1",
          },
        ],
        "VpcId": Object {
          "Ref": "Vpc8378EB38",
        },
      },
      "Type": "AWS::EC2::Subnet",
    },
    "VpcPublicSubnet2DefaultRoute97F91067": Object {
      "DependsOn": Array [
        "VpcVPCGWBF912B6E",
      ],
      "Properties": Object {
        "DestinationCidrBlock": "0.0.0.0/0",
        "GatewayId": Object {
          "Ref": "VpcIGWD7BA715C",
        },
        "RouteTableId": Object {
          "Ref": "VpcPublicSubnet2RouteTable94F7E489",
        },
      },
      "Type": "AWS::EC2::Route",
    },
    "VpcPublicSubnet2RouteTable94F7E489": Object {
      "Properties": Object {
        "Tags": Array [
          Object {
            "Key": "Name",
            "Value": "my-stack-dev/Vpc/PublicSubnet2",
          },
        ],
        "VpcId": Object {
          "Ref": "Vpc8378EB38",
        },
      },
      "Type": "AWS::EC2::RouteTable",
    },
    "VpcPublicSubnet2RouteTableAssociationDD5762D8": Object {
      "Properties": Object {
        "RouteTableId": Object {
          "Ref": "VpcPublicSubnet2RouteTable94F7E489",
        },
        "SubnetId": Object {
          "Ref": "VpcPublicSubnet2Subnet691E08A3",
        },
      },
      "Type": "AWS::EC2::SubnetRouteTableAssociation",
    },
    "VpcPublicSubnet2Subnet691E08A3": Object {
      "Properties": Object {
        "AvailabilityZone": Object {
          "Fn::Select": Array [
            1,
            Object {
              "Fn::GetAZs": "",
            },
          ],
        },
        "CidrBlock": "10.0.64.0/18",
        "MapPublicIpOnLaunch": true,
        "Tags": Array [
          Object {
            "Key": "aws-cdk:subnet-name",
            "Value": "Public",
          },
          Object {
            "Key": "aws-cdk:subnet-type",
            "Value": "Public",
          },
          Object {
            "Key": "Name",
            "Value": "my-stack-dev/Vpc/PublicSubnet2",
          },
        ],
        "VpcId": Object {
          "Ref": "Vpc8378EB38",
        },
      },
      "Type": "AWS::EC2::Subnet",
    },
    "VpcVPCGWBF912B6E": Object {
      "Properties": Object {
        "InternetGatewayId": Object {
          "Ref": "VpcIGWD7BA715C",
        },
        "VpcId": Object {
          "Ref": "Vpc8378EB38",
        },
      },
      "Type": "AWS::EC2::VPCGatewayAttachment",
    },
    "awscdkawseksClusterResourceProviderNestedStackawscdkawseksClusterResourceProviderNestedStackResource9827C454": Object {
      "Properties": Object {
        "Parameters": Object {
          "referencetomystackdevAssetParameters50e10880d134a01b440991fc77d217f39f01c2d56945215ee9a3b81187c6f3b1S3Bucket0BF86B97Ref": Object {
            "Ref": "AssetParameters50e10880d134a01b440991fc77d217f39f01c2d56945215ee9a3b81187c6f3b1S3Bucket36C546E0",
          },
          "referencetomystackdevAssetParameters50e10880d134a01b440991fc77d217f39f01c2d56945215ee9a3b81187c6f3b1S3VersionKeyEE352138Ref": Object {
            "Ref": "AssetParameters50e10880d134a01b440991fc77d217f39f01c2d56945215ee9a3b81187c6f3b1S3VersionKey85C003F9",
          },
          "referencetomystackdevAssetParametersc691172cdeefa2c91b5a2907f9d81118e47597634943344795f1a844192dd49cS3BucketA8970F5CRef": Object {
            "Ref": "AssetParametersc691172cdeefa2c91b5a2907f9d81118e47597634943344795f1a844192dd49cS3BucketEAC9DD43",
          },
          "referencetomystackdevAssetParametersc691172cdeefa2c91b5a2907f9d81118e47597634943344795f1a844192dd49cS3VersionKey299C24B6Ref": Object {
            "Ref": "AssetParametersc691172cdeefa2c91b5a2907f9d81118e47597634943344795f1a844192dd49cS3VersionKeyDD9AE9E7",
          },
          "referencetomystackdevEksDemoClusterCreationRoleDD2DBE70Arn": Object {
            "Fn::GetAtt": Array [
              "EksDemoClusterCreationRole71A559DF",
              "Arn",
            ],
          },
        },
        "TemplateURL": Object {
          "Fn::Join": Array [
            "",
            Array [
              "https://s3.",
              Object {
                "Ref": "AWS::Region",
              },
              ".",
              Object {
                "Ref": "AWS::URLSuffix",
              },
              "/",
              Object {
                "Ref": "AssetParameters9b291bb1965953fc83731a462985112f2c7d245c56ee16521c7180b1f9994d97S3Bucket19EEB5BF",
              },
              "/",
              Object {
                "Fn::Select": Array [
                  0,
                  Object {
                    "Fn::Split": Array [
                      "||",
                      Object {
                        "Ref": "AssetParameters9b291bb1965953fc83731a462985112f2c7d245c56ee16521c7180b1f9994d97S3VersionKeyAC38C376",
                      },
                    ],
                  },
                ],
              },
              Object {
                "Fn::Select": Array [
                  1,
                  Object {
                    "Fn::Split": Array [
                      "||",
                      Object {
                        "Ref": "AssetParameters9b291bb1965953fc83731a462985112f2c7d245c56ee16521c7180b1f9994d97S3VersionKeyAC38C376",
                      },
                    ],
                  },
                ],
              },
            ],
          ],
        },
      },
      "Type": "AWS::CloudFormation::Stack",
    },
    "awscdkawseksKubectlProviderNestedStackawscdkawseksKubectlProviderNestedStackResourceA7AEBA6B": Object {
      "Properties": Object {
        "Parameters": Object {
          "referencetomystackdevAssetParameters844c1a4b13479b359ea0e607dccb4a04b73e22cf88cf9b64feed2c5f0de213c0S3BucketF463C2B1Ref": Object {
            "Ref": "AssetParameters844c1a4b13479b359ea0e607dccb4a04b73e22cf88cf9b64feed2c5f0de213c0S3Bucket6ABE1927",
          },
          "referencetomystackdevAssetParameters844c1a4b13479b359ea0e607dccb4a04b73e22cf88cf9b64feed2c5f0de213c0S3VersionKeyD78D3425Ref": Object {
            "Ref": "AssetParameters844c1a4b13479b359ea0e607dccb4a04b73e22cf88cf9b64feed2c5f0de213c0S3VersionKeyF55A2EA9",
          },
          "referencetomystackdevAssetParametersbafd50ae9f214e496ff8c72c6425f93dca3ccd590e20963706d5d610d9c75757S3Bucket2FB1C29BRef": Object {
            "Ref": "AssetParametersbafd50ae9f214e496ff8c72c6425f93dca3ccd590e20963706d5d610d9c75757S3Bucket008DBB35",
          },
          "referencetomystackdevAssetParametersbafd50ae9f214e496ff8c72c6425f93dca3ccd590e20963706d5d610d9c75757S3VersionKey2F40F99ARef": Object {
            "Ref": "AssetParametersbafd50ae9f214e496ff8c72c6425f93dca3ccd590e20963706d5d610d9c75757S3VersionKey97C3E1A0",
          },
          "referencetomystackdevAssetParametersc691172cdeefa2c91b5a2907f9d81118e47597634943344795f1a844192dd49cS3BucketA8970F5CRef": Object {
            "Ref": "AssetParametersc691172cdeefa2c91b5a2907f9d81118e47597634943344795f1a844192dd49cS3BucketEAC9DD43",
          },
          "referencetomystackdevAssetParametersc691172cdeefa2c91b5a2907f9d81118e47597634943344795f1a844192dd49cS3VersionKey299C24B6Ref": Object {
            "Ref": "AssetParametersc691172cdeefa2c91b5a2907f9d81118e47597634943344795f1a844192dd49cS3VersionKeyDD9AE9E7",
          },
          "referencetomystackdevAssetParameterse9882ab123687399f934da0d45effe675ecc8ce13b40cb946f3e1d6141fe8d68S3BucketF1B9E3E5Ref": Object {
            "Ref": "AssetParameterse9882ab123687399f934da0d45effe675ecc8ce13b40cb946f3e1d6141fe8d68S3BucketAEADE8C7",
          },
          "referencetomystackdevAssetParameterse9882ab123687399f934da0d45effe675ecc8ce13b40cb946f3e1d6141fe8d68S3VersionKeyA6713CDARef": Object {
            "Ref": "AssetParameterse9882ab123687399f934da0d45effe675ecc8ce13b40cb946f3e1d6141fe8d68S3VersionKeyE415415F",
          },
          "referencetomystackdevEksDemoCluster84828DBAArn": Object {
            "Fn::GetAtt": Array [
              "EksDemoCluster2B53DE03",
              "Arn",
            ],
          },
          "referencetomystackdevEksDemoCluster84828DBAClusterSecurityGroupId": Object {
            "Fn::GetAtt": Array [
              "EksDemoCluster2B53DE03",
              "ClusterSecurityGroupId",
            ],
          },
          "referencetomystackdevEksDemoClusterCreationRoleDD2DBE70Arn": Object {
            "Fn::GetAtt": Array [
              "EksDemoClusterCreationRole71A559DF",
              "Arn",
            ],
          },
          "referencetomystackdevNewVpc0EABE83ARef": Object {
            "Ref": "NewVpcC4541DFD",
          },
          "referencetomystackdevNewVpcPrivateSubnet1Subnet60B5298BRef": Object {
            "Ref": "NewVpcPrivateSubnet1Subnet337805C5",
          },
          "referencetomystackdevNewVpcPrivateSubnet2Subnet170CA743Ref": Object {
            "Ref": "NewVpcPrivateSubnet2Subnet775A619A",
          },
        },
        "TemplateURL": Object {
          "Fn::Join": Array [
            "",
            Array [
              "https://s3.",
              Object {
                "Ref": "AWS::Region",
              },
              ".",
              Object {
                "Ref": "AWS::URLSuffix",
              },
              "/",
              Object {
                "Ref": "AssetParameterscd1c63ed9fcd73b696cc6ba1cc3dd28b5453cc0f4981801f5b92ed3c45059212S3BucketF5BA6B94",
              },
              "/",
              Object {
                "Fn::Select": Array [
                  0,
                  Object {
                    "Fn::Split": Array [
                      "||",
                      Object {
                        "Ref": "AssetParameterscd1c63ed9fcd73b696cc6ba1cc3dd28b5453cc0f4981801f5b92ed3c45059212S3VersionKeyAA994B1C",
                      },
                    ],
                  },
                ],
              },
              Object {
                "Fn::Select": Array [
                  1,
                  Object {
                    "Fn::Split": Array [
                      "||",
                      Object {
                        "Ref": "AssetParameterscd1c63ed9fcd73b696cc6ba1cc3dd28b5453cc0f4981801f5b92ed3c45059212S3VersionKeyAA994B1C",
                      },
                    ],
                  },
                ],
              },
            ],
          ],
        },
      },
      "Type": "AWS::CloudFormation::Stack",
    },
  },
}
`;
